{
  "version": "1.5.0",
  "plugins_used": [
    {
      "name": "ArtifactoryDetector"
    },
    {
      "name": "AWSKeyDetector"
    },
    {
      "name": "AzureStorageKeyDetector"
    },
    {
      "name": "Base64HighEntropyString",
      "limit": 4.5
    },
    {
      "name": "BasicAuthDetector"
    },
    {
      "name": "CloudantDetector"
    },
    {
      "name": "DiscordBotTokenDetector"
    },
    {
      "name": "GitHubTokenDetector"
    },
    {
      "name": "GitLabTokenDetector"
    },
    {
      "name": "HexHighEntropyString",
      "limit": 3.0
    },
    {
      "name": "IbmCloudIamDetector"
    },
    {
      "name": "IbmCosHmacDetector"
    },
    {
      "name": "IPPublicDetector"
    },
    {
      "name": "JwtTokenDetector"
    },
    {
      "name": "KeywordDetector",
      "keyword_exclude": ""
    },
    {
      "name": "MailchimpDetector"
    },
    {
      "name": "NpmDetector"
    },
    {
      "name": "OpenAIDetector"
    },
    {
      "name": "PrivateKeyDetector"
    },
    {
      "name": "PypiTokenDetector"
    },
    {
      "name": "SendGridDetector"
    },
    {
      "name": "SlackDetector"
    },
    {
      "name": "SoftlayerDetector"
    },
    {
      "name": "SquareOAuthDetector"
    },
    {
      "name": "StripeDetector"
    },
    {
      "name": "TelegramBotTokenDetector"
    },
    {
      "name": "TwilioKeyDetector"
    }
  ],
  "filters_used": [
    {
      "path": "detect_secrets.filters.allowlist.is_line_allowlisted"
    },
    {
      "path": "detect_secrets.filters.common.is_ignored_due_to_verification_policies",
      "min_level": 2
    },
    {
      "path": "detect_secrets.filters.heuristic.is_indirect_reference"
    },
    {
      "path": "detect_secrets.filters.heuristic.is_likely_id_string"
    },
    {
      "path": "detect_secrets.filters.heuristic.is_lock_file"
    },
    {
      "path": "detect_secrets.filters.heuristic.is_not_alphanumeric_string"
    },
    {
      "path": "detect_secrets.filters.heuristic.is_potential_uuid"
    },
    {
      "path": "detect_secrets.filters.heuristic.is_prefixed_with_dollar_sign"
    },
    {
      "path": "detect_secrets.filters.heuristic.is_sequential_string"
    },
    {
      "path": "detect_secrets.filters.heuristic.is_swagger_file"
    },
    {
      "path": "detect_secrets.filters.heuristic.is_templated_secret"
    }
  ],
  "results": {
    "apps\\web\\dashboard\\static\\crypto-js.min.js": [
      {
        "type": "Base64 High Entropy String",
        "filename": "apps\\web\\dashboard\\static\\crypto-js.min.js",
        "hashed_secret": "1d278d3c888d1a2fa7eed622bfc02927ce4049af",
        "is_verified": false,
        "line_number": 1
      },
      {
        "type": "Base64 High Entropy String",
        "filename": "apps\\web\\dashboard\\static\\crypto-js.min.js",
        "hashed_secret": "e582429052cdb908833560f6f7582d232de37c4d",
        "is_verified": false,
        "line_number": 1
      }
    ],
    "config\\default\\models.yaml": [
      {
        "type": "Secret Keyword",
        "filename": "config\\default\\models.yaml",
        "hashed_secret": "9b95d120d38fc6e2a4d649d70f49fe36ff95263f",
        "is_verified": false,
        "line_number": 6
      }
    ],
    "config\\models.yaml": [
      {
        "type": "Secret Keyword",
        "filename": "config\\models.yaml",
        "hashed_secret": "02ecb94373bfb3dfe827ca18409f50b016e8302a",
        "is_verified": false,
        "line_number": 6
      }
    ],
    "config\\release_manifest.json": [
      {
        "type": "Hex High Entropy String",
        "filename": "config\\release_manifest.json",
        "hashed_secret": "b8c9be8f912bbb1e2d12612fe047002fbb8284c5",
        "is_verified": false,
        "line_number": 4
      },
      {
        "type": "Hex High Entropy String",
        "filename": "config\\release_manifest.json",
        "hashed_secret": "e775cd60de08df7359dc1e424be05de50e312565",
        "is_verified": false,
        "line_number": 5
      },
      {
        "type": "Hex High Entropy String",
        "filename": "config\\release_manifest.json",
        "hashed_secret": "d7ef0c3180d6f0613131cc37791ebcbbd6fc05b0",
        "is_verified": false,
        "line_number": 6
      },
      {
        "type": "Hex High Entropy String",
        "filename": "config\\release_manifest.json",
        "hashed_secret": "13748c0fca0fbe2bcf2f454457b71d3faaecb535",
        "is_verified": false,
        "line_number": 7
      },
      {
        "type": "Hex High Entropy String",
        "filename": "config\\release_manifest.json",
        "hashed_secret": "d3ed6e46c5a3455453a60e42f8d3f81ade2db9b3",
        "is_verified": false,
        "line_number": 8
      },
      {
        "type": "Hex High Entropy String",
        "filename": "config\\release_manifest.json",
        "hashed_secret": "0f3820ee3aa6b408b4d522c1a75a040b58af726c",
        "is_verified": false,
        "line_number": 9
      },
      {
        "type": "Hex High Entropy String",
        "filename": "config\\release_manifest.json",
        "hashed_secret": "231e5a2dd41c0561b59aea70165b0e291adce59b",
        "is_verified": false,
        "line_number": 10
      },
      {
        "type": "Hex High Entropy String",
        "filename": "config\\release_manifest.json",
        "hashed_secret": "d326568ac4b8c0dbcfbe71dcf4ccaa455b54e8a1",
        "is_verified": false,
        "line_number": 11
      },
      {
        "type": "Hex High Entropy String",
        "filename": "config\\release_manifest.json",
        "hashed_secret": "9caac9849b0ae86b930084050bebe4f8ae43ad96",
        "is_verified": false,
        "line_number": 12
      }
    ],
    "scripts\\probe_models.py": [
      {
        "type": "Secret Keyword",
        "filename": "scripts\\probe_models.py",
        "hashed_secret": "6818f7015bff59152619d22c9853c5479f296a9c",
        "is_verified": false,
        "line_number": 19
      }
    ],
    "scripts\\test_all_models.py": [
      {
        "type": "Secret Keyword",
        "filename": "scripts\\test_all_models.py",
        "hashed_secret": "6818f7015bff59152619d22c9853c5479f296a9c",
        "is_verified": false,
        "line_number": 29
      }
    ],
    "src\\brjarvis\\actions\\app_analyzer.py": [
      {
        "type": "Base64 High Entropy String",
        "filename": "src\\brjarvis\\actions\\app_analyzer.py",
        "hashed_secret": "4a75777134389d0e108fd309dcb9cc4b60d6530f",
        "is_verified": false,
        "line_number": 97
      }
    ],
    "src\\brjarvis\\actions\\app_resolver.py": [
      {
        "type": "Base64 High Entropy String",
        "filename": "src\\brjarvis\\actions\\app_resolver.py",
        "hashed_secret": "4a75777134389d0e108fd309dcb9cc4b60d6530f",
        "is_verified": false,
        "line_number": 235
      }
    ],
    "src\\brjarvis\\actions\\computer_settings.py": [
      {
        "type": "Base64 High Entropy String",
        "filename": "src\\brjarvis\\actions\\computer_settings.py",
        "hashed_secret": "72331caa422bc5594131a6df402c7b007f8382ad",
        "is_verified": false,
        "line_number": 473
      }
    ],
    "src\\brjarvis\\config\\models.py": [
      {
        "type": "Secret Keyword",
        "filename": "src\\brjarvis\\config\\models.py",
        "hashed_secret": "66a6c5fe7575bc649212db236b5582ae4f1b34c8",
        "is_verified": false,
        "line_number": 53
      }
    ],
    "src\\brjarvis\\skills\\library\\engineering-team\\skills\\senior-secops\\SKILL.md": [
      {
        "type": "Secret Keyword",
        "filename": "src\\brjarvis\\skills\\library\\engineering-team\\skills\\senior-secops\\SKILL.md",
        "hashed_secret": "159920628cb789601a3ef7859918baa2e9ea7d15",
        "is_verified": false,
        "line_number": 371
      }
    ],
    "src\\brjarvis\\skills\\library\\product-team\\skills\\saas-scaffolder\\SKILL.md": [
      {
        "type": "Basic Auth Credentials",
        "filename": "src\\brjarvis\\skills\\library\\product-team\\skills\\saas-scaffolder\\SKILL.md",
        "hashed_secret": "9d4e1e23bd5b727046a9e3b4b7db57bd8d6ee684",
        "is_verified": false,
        "line_number": 239
      }
    ],
    "src\\brjarvis\\voice\\tts.py": [
      {
        "type": "Base64 High Entropy String",
        "filename": "src\\brjarvis\\voice\\tts.py",
        "hashed_secret": "98cd7298129a2bb7ee15126e740e797ae61eb615",
        "is_verified": false,
        "line_number": 332
      }
    ],
    "tests\\adversarial\\test_adversarial_memory.py": [
      {
        "type": "GitHub Token",
        "filename": "tests\\adversarial\\test_adversarial_memory.py",
        "hashed_secret": "e175c6f5f2a92e8623bd9a4820edb4e8c1b0fd10",
        "is_verified": false,
        "line_number": 37
      }
    ]
  },
  "generated_at": "2026-08-19T13:06:05Z"
}
